&pkg.StackExport{
	Deployment: apitype.DeploymentV3{
		Manifest: apitype.ManifestV1{
			Time: time.Date(2025,
				12,
				9,
				20,
				39,
				8,
				863116000,
				time.Local),
			Magic:   "a772ab84f380095f2bf2bdada3224c8afa8d437880060b501a3cc9c96071034b",
			Version: "v3.209.0",
		},
		SecretsProviders: &apitype.SecretsProvidersV1{
			Type: "service",
			State: json.RawMessage{
				123,
				10,
				32,
				32,
				32,
				32,
				32,
				32,
				32,
				32,
				32,
				32,
				32,
				32,
				32,
				32,
				32,
				32,
				34,
				117,
				114,
				108,
				34,
				58,
				32,
				34,
				104,
				116,
				116,
				112,
				115,
				58,
				47,
				47,
				97,
				112,
				105,
				46,
				112,
				117,
				108,
				117,
				109,
				105,
				46,
				99,
				111,
				109,
				34,
				44,
				10,
				32,
				32,
				32,
				32,
				32,
				32,
				32,
				32,
				32,
				32,
				32,
				32,
				32,
				32,
				32,
				32,
				34,
				111,
				119,
				110,
				101,
				114,
				34,
				58,
				32,
				34,
				112,
				117,
				108,
				117,
				109,
				105,
				34,
				44,
				10,
				32,
				32,
				32,
				32,
				32,
				32,
				32,
				32,
				32,
				32,
				32,
				32,
				32,
				32,
				32,
				32,
				34,
				112,
				114,
				111,
				106,
				101,
				99,
				116,
				34,
				58,
				32,
				34,
				112,
				117,
				108,
				117,
				109,
				105,
				45,
				115,
				116,
				97,
				116,
				101,
				45,
				97,
				100,
				97,
				112,
				116,
				101,
				114,
				45,
				50,
				49,
				53,
				53,
				53,
				54,
				34,
				44,
				10,
				32,
				32,
				32,
				32,
				32,
				32,
				32,
				32,
				32,
				32,
				32,
				32,
				32,
				32,
				32,
				32,
				34,
				115,
				116,
				97,
				99,
				107,
				34,
				58,
				32,
				34,
				100,
				101,
				118,
				34,
				10,
				32,
				32,
				32,
				32,
				32,
				32,
				32,
				32,
				32,
				32,
				32,
				32,
				125,
			},
		},
		Resources: []apitype.ResourceV3{
			{
				URN:  urn.URN("urn:pulumi:dev::pulumi-state-adapter-215556::pulumi:pulumi:Stack::pulumi-state-adapter-215556-dev"),
				Type: tokens.Type("pulumi:pulumi:Stack"),
				Created: valast.Ptr(time.Date(2025,
					12,
					9,
					18,
					39,
					6,
					563166000,
					time.UTC)),
				Modified: valast.Ptr(time.Date(2025,
					12,
					9,
					18,
					39,
					6,
					563166000,
					time.UTC)),
				SourcePosition: "project:///node_modules/@pulumi/runtime/stack.ts#37,19",
				StackTrace: []apitype.StackFrameV1{
					{
						SourcePosition: "project:///node_modules/@pulumi/runtime/stack.ts#37,19",
					},
					{SourcePosition: "project:///node_modules/@pulumi/cmd/run/run.ts#603,38"},
				},
			},
			{
				URN:    urn.URN("urn:pulumi:dev::pulumi-state-adapter-215556::pulumi:providers:aws::default_7_12_0"),
				Custom: true,
				ID:     resource.ID("a339fe8e-e15d-4203-8719-c0ca5d3f414e"),
				Type:   tokens.Type("pulumi:providers:aws"),
				Inputs: map[string]interface{}{
					"region":                    "us-east-1",
					"skipCredentialsValidation": false,
					"skipRegionValidation":      true,
					"version":                   "7.12.0",
				},
				Outputs: map[string]interface{}{
					"region":                    "us-east-1",
					"skipCredentialsValidation": false,
					"skipRegionValidation":      true,
					"version":                   "7.12.0",
				},
				Created: valast.Ptr(time.Date(2025,
					12,
					9,
					20,
					39,
					16,
					692411000,
					time.Local)),
				Modified: valast.Ptr(time.Date(2025,
					12,
					9,
					20,
					39,
					16,
					692411000,
					time.Local)),
			},
			{
				URN:    urn.URN("urn:pulumi:dev::pulumi-state-adapter-215556::aws:s3/bucket:Bucket::example"),
				Custom: true,
				ID:     resource.ID("my-example-bucket-20251119163156"),
				Type:   tokens.Type("aws:s3/bucket:Bucket"),
				Inputs: map[string]interface{}{
					"__defaults": []interface{}{},
					"bucket":     "my-example-bucket-20251119163156",
					"grants": []interface{}{map[string]interface{}{
						"__defaults":  []interface{}{},
						"id":          "69c80caa37c265d93308334e41ddd9ee253ab9f1460124a3c64fa7e21f3ef5b3",
						"permissions": []interface{}{"FULL_CONTROL"},
						"type":        "CanonicalUser",
					}},
					"region":       "us-east-1",
					"requestPayer": "BucketOwner",
					"serverSideEncryptionConfiguration": map[string]interface{}{
						"__defaults": []interface{}{},
						"rule": map[string]interface{}{
							"__defaults": []interface{}{},
							"applyServerSideEncryptionByDefault": map[string]interface{}{
								"__defaults":   []interface{}{},
								"sseAlgorithm": "AES256",
							},
						},
					},
				},
				Outputs: map[string]interface{}{
					"accelerationStatus":       "",
					"acl":                      nil,
					"arn":                      "arn:aws:s3:::my-example-bucket-20251119163156",
					"bucket":                   "my-example-bucket-20251119163156",
					"bucketDomainName":         "my-example-bucket-20251119163156.s3.amazonaws.com",
					"bucketPrefix":             "",
					"bucketRegion":             "us-east-1",
					"bucketRegionalDomainName": "my-example-bucket-20251119163156.s3.us-east-1.amazonaws.com",
					"corsRules":                []interface{}{},
					"forceDestroy":             false,
					"grants": []interface{}{map[string]interface{}{
						"id":          "69c80caa37c265d93308334e41ddd9ee253ab9f1460124a3c64fa7e21f3ef5b3",
						"permissions": []interface{}{"FULL_CONTROL"},
						"type":        "CanonicalUser",
						"uri":         "",
					}},
					"hostedZoneId":             "Z3AQBSTGFYJSTF",
					"id":                       "my-example-bucket-20251119163156",
					"lifecycleRules":           []interface{}{},
					"logging":                  nil,
					"objectLockConfiguration":  nil,
					"objectLockEnabled":        false,
					"policy":                   "",
					"region":                   "us-east-1",
					"replicationConfiguration": nil,
					"requestPayer":             "BucketOwner",
					"serverSideEncryptionConfiguration": map[string]interface{}{"rule": map[string]interface{}{
						"applyServerSideEncryptionByDefault": map[string]interface{}{
							"kmsMasterKeyId": "",
							"sseAlgorithm":   "AES256",
						},
						"bucketKeyEnabled": false,
					}},
					"tags":    nil,
					"tagsAll": map[string]interface{}{},
					"versioning": map[string]interface{}{
						"enabled":   false,
						"mfaDelete": false,
					},
					"website":         nil,
					"websiteDomain":   nil,
					"websiteEndpoint": nil,
				},
				Parent:   urn.URN("urn:pulumi:dev::pulumi-state-adapter-215556::pulumi:pulumi:Stack::pulumi-state-adapter-215556-dev"),
				Provider: "urn:pulumi:dev::pulumi-state-adapter-215556::pulumi:providers:aws::default_7_12_0::a339fe8e-e15d-4203-8719-c0ca5d3f414e",
				Created: valast.Ptr(time.Date(2025,
					12,
					9,
					20,
					39,
					16,
					692411000,
					time.Local)),
				Modified: valast.Ptr(time.Date(2025,
					12,
					9,
					20,
					39,
					16,
					692411000,
					time.Local)),
			},
		},
	},
	Version: 3,
}
