apitype.DeploymentV3{
	Manifest: apitype.ManifestV1{
		Time: time.Date(2025,
			12,
			11,
			13,
			37,
			31,
			406103000,
			time.Local),
		Magic:   "a772ab84f380095f2bf2bdada3224c8afa8d437880060b501a3cc9c96071034b",
		Version: "v3.209.0",
	},
	SecretsProviders: &apitype.SecretsProvidersV1{
		Type: "service",
		State: json.RawMessage{
			123,
			10,
			32,
			32,
			32,
			32,
			32,
			32,
			32,
			32,
			32,
			32,
			32,
			32,
			32,
			32,
			32,
			32,
			34,
			117,
			114,
			108,
			34,
			58,
			32,
			34,
			104,
			116,
			116,
			112,
			115,
			58,
			47,
			47,
			97,
			112,
			105,
			46,
			112,
			117,
			108,
			117,
			109,
			105,
			46,
			99,
			111,
			109,
			34,
			44,
			10,
			32,
			32,
			32,
			32,
			32,
			32,
			32,
			32,
			32,
			32,
			32,
			32,
			32,
			32,
			32,
			32,
			34,
			111,
			119,
			110,
			101,
			114,
			34,
			58,
			32,
			34,
			112,
			117,
			108,
			117,
			109,
			105,
			34,
			44,
			10,
			32,
			32,
			32,
			32,
			32,
			32,
			32,
			32,
			32,
			32,
			32,
			32,
			32,
			32,
			32,
			32,
			34,
			112,
			114,
			111,
			106,
			101,
			99,
			116,
			34,
			58,
			32,
			34,
			112,
			117,
			108,
			117,
			109,
			105,
			45,
			115,
			116,
			97,
			116,
			101,
			45,
			97,
			100,
			97,
			112,
			116,
			101,
			114,
			45,
			57,
			51,
			48,
			55,
			56,
			52,
			34,
			44,
			10,
			32,
			32,
			32,
			32,
			32,
			32,
			32,
			32,
			32,
			32,
			32,
			32,
			32,
			32,
			32,
			32,
			34,
			115,
			116,
			97,
			99,
			107,
			34,
			58,
			32,
			34,
			100,
			101,
			118,
			34,
			10,
			32,
			32,
			32,
			32,
			32,
			32,
			32,
			32,
			32,
			32,
			32,
			32,
			125,
		},
	},
	Resources: []apitype.ResourceV3{
		{
			URN:  urn.URN("urn:pulumi:dev::pulumi-state-adapter-930784::pulumi:pulumi:Stack::pulumi-state-adapter-930784-dev"),
			Type: tokens.Type("pulumi:pulumi:Stack"),
			Created: valast.Ptr(time.Date(2025,
				12,
				11,
				11,
				37,
				29,
				417828000,
				time.UTC)),
			Modified: valast.Ptr(time.Date(2025,
				12,
				11,
				11,
				37,
				29,
				417828000,
				time.UTC)),
			SourcePosition: "project:///node_modules/@pulumi/runtime/stack.ts#37,19",
			StackTrace: []apitype.StackFrameV1{
				{SourcePosition: "project:///node_modules/@pulumi/runtime/stack.ts#37,19"},
				{SourcePosition: "project:///node_modules/@pulumi/cmd/run/run.ts#603,38"},
			},
		},
		{
			URN:    urn.URN("urn:pulumi:dev::pulumi-state-adapter-930784::pulumi:providers:aws::default_7.12.0"),
			Custom: true,
			ID:     resource.ID("a339fe8e-e15d-4203-8719-c0ca5d3f414e"),
			Type:   tokens.Type("pulumi:providers:aws"),
			Inputs: map[string]interface{}{
				"region":                    "us-east-1",
				"skipCredentialsValidation": false,
				"skipRegionValidation":      true,
				"version":                   "7.12.0",
			},
			Outputs: map[string]interface{}{
				"region":                    "us-east-1",
				"skipCredentialsValidation": false,
				"skipRegionValidation":      true,
				"version":                   "7.12.0",
			},
			Created: valast.Ptr(time.Date(2025,
				12,
				11,
				13,
				37,
				39,
				102315000,
				time.Local)),
			Modified: valast.Ptr(time.Date(2025,
				12,
				11,
				13,
				37,
				39,
				102315000,
				time.Local)),
		},
		{
			URN:    urn.URN("urn:pulumi:dev::pulumi-state-adapter-930784::aws_s3_bucket::example"),
			Custom: true,
			ID:     resource.ID("a339fe8e-e15d-4203-8719-c0ca5d3f414e"),
			Type:   tokens.Type("aws_s3_bucket"),
			Inputs: map[string]interface{}{
				"bucket":  "example",
				"content": "example",
				"key":     "example",
			},
			Outputs: map[string]interface{}{
				"bucket":  "example",
				"content": "example",
				"key":     "example",
			},
			Parent:   urn.URN("urn:pulumi:dev::pulumi-state-adapter-930784::pulumi:pulumi:Stack::pulumi-state-adapter-930784-dev"),
			Provider: "urn:pulumi:dev::pulumi-state-adapter-930784::pulumi:providers:aws::default_7.12.0::a339fe8e-e15d-4203-8719-c0ca5d3f414e",
			Created: valast.Ptr(time.Date(2025,
				12,
				11,
				13,
				37,
				39,
				102315000,
				time.Local)),
			Modified: valast.Ptr(time.Date(2025,
				12,
				11,
				13,
				37,
				39,
				102315000,
				time.Local)),
		},
		{
			URN:    urn.URN("urn:pulumi:dev::pulumi-state-adapter-930784::aws_s3_bucket_object::example"),
			Custom: true,
			ID:     resource.ID("a339fe8e-e15d-4203-8719-c0ca5d3f414e"),
			Type:   tokens.Type("aws_s3_bucket_object"),
			Inputs: map[string]interface{}{
				"bucket":  "example",
				"content": "example",
				"key":     "example",
			},
			Outputs: map[string]interface{}{
				"bucket":  "example",
				"content": "example",
				"key":     "example",
			},
			Parent:   urn.URN("urn:pulumi:dev::pulumi-state-adapter-930784::pulumi:pulumi:Stack::pulumi-state-adapter-930784-dev"),
			Provider: "urn:pulumi:dev::pulumi-state-adapter-930784::pulumi:providers:aws::default_7.12.0::a339fe8e-e15d-4203-8719-c0ca5d3f414e",
			Created: valast.Ptr(time.Date(2025,
				12,
				11,
				13,
				37,
				39,
				102315000,
				time.Local)),
			Modified: valast.Ptr(time.Date(2025,
				12,
				11,
				13,
				37,
				39,
				102315000,
				time.Local)),
		},
	},
}
