apitype.DeploymentV3{Resources: []apitype.ResourceV3{
	{
		URN:  urn.URN("urn:pulumi:dev::example::pulumi:pulumi:Stack::example-dev"),
		ID:   resource.ID("a339fe8e-e15d-4203-8719-c0ca5d3f414e"),
		Type: tokens.Type("pulumi:pulumi:Stack"),
	},
	{
		URN:    urn.URN("urn:pulumi:dev::example::pulumi:providers:aws::default_7.12.0"),
		Custom: true,
		ID:     resource.ID("a339fe8e-e15d-4203-8719-c0ca5d3f414e"),
		Type:   tokens.Type("pulumi:providers:aws"),
		Inputs: map[string]interface{}{
			"region":                    "us-east-1",
			"skipCredentialsValidation": false,
			"skipRegionValidation":      true,
			"version":                   "7.12.0",
		},
		Outputs: map[string]interface{}{
			"region":                    "us-east-1",
			"skipCredentialsValidation": false,
			"skipRegionValidation":      true,
			"version":                   "7.12.0",
		},
	},
	{
		URN:    urn.URN("urn:pulumi:dev::example::aws_s3_bucket::example"),
		Custom: true,
		ID:     resource.ID("a339fe8e-e15d-4203-8719-c0ca5d3f414e"),
		Type:   tokens.Type("aws_s3_bucket"),
		Inputs: map[string]interface{}{
			"bucket":  "example",
			"content": "example",
			"key":     "example",
		},
		Outputs: map[string]interface{}{
			"bucket":  "example",
			"content": "example",
			"key":     "example",
		},
		Parent:   urn.URN("urn:pulumi:dev::example::pulumi:pulumi:Stack::example-dev"),
		Provider: "urn:pulumi:dev::example::pulumi:providers:aws::default_7.12.0::a339fe8e-e15d-4203-8719-c0ca5d3f414e",
	},
	{
		URN:    urn.URN("urn:pulumi:dev::example::aws_s3_bucket_object::example"),
		Custom: true,
		ID:     resource.ID("a339fe8e-e15d-4203-8719-c0ca5d3f414e"),
		Type:   tokens.Type("aws_s3_bucket_object"),
		Inputs: map[string]interface{}{
			"bucket":  "example",
			"content": "example",
			"key":     "example",
		},
		Outputs: map[string]interface{}{
			"bucket":  "example",
			"content": "example",
			"key":     "example",
		},
		Parent:   urn.URN("urn:pulumi:dev::example::pulumi:pulumi:Stack::example-dev"),
		Provider: "urn:pulumi:dev::example::pulumi:providers:aws::default_7.12.0::a339fe8e-e15d-4203-8719-c0ca5d3f414e",
	},
}}
