`Previewing update (dev)

View Live: https://app.pulumi.com/pulumi/pulumi-stack-4211595039/dev/previews/ba8781f5-a86a-4169-a2ad-ecb0ef9c3cb2

Loading policy packs...

@ Previewing update....

@ Previewing update....
    pulumi:pulumi:Stack pulumi-stack-4211595039-dev
Policies:
    ✅ pulumi-internal-policies@v0.0.6

Resources:
    2 unchanged

`
