`Previewing update (dev)

View Live: https://app.pulumi.com/pulumi/pulumi-stack-1544771254/dev/previews/0b6e53f2-5224-4681-b0f8-b5ab03b12303

Loading policy packs...

@ Previewing update....

@ Previewing update......
 +  pulumi:providers:aws aws create
@ Previewing update.......
 ~  aws:iam:RolePolicy lambda_s3_access update [diff: ~policy]
 ~  aws:s3:BucketLifecycleConfiguration this update [diff: ~rules]
 ~  aws:lambda:Function data_processor update [diff: ~lastModified,sourceCodeHash]
    pulumi:pulumi:Stack pulumi-stack-1544771254-dev
Policies:
    ⚠️ pulumi-internal-policies@v0.0.6
        - [advisory]  s3-bucket-replication-enabled  (aws:s3/bucket:Bucket: lambda_artifacts)
          Encourages use of cross-region replication for S3 buckets.
          S3 buckets should have cross-region replication.
        - [advisory]  s3-bucket-replication-enabled  (aws:s3/bucket:Bucket: this)
          Encourages use of cross-region replication for S3 buckets.
          S3 buckets should have cross-region replication.

Outputs:
  + dataLakeBucketArn        : "arn:aws:s3:::data-pipeline4-data-lake-894850187425"
  + dataLakeBucketName       : "data-pipeline4-data-lake-894850187425"
  + dynamodbTableName        : "data-pipeline4-file-metadata"
  + lambdaArtifactsBucketName: "data-pipeline4-lambda-artifacts-894850187425"
  + lambdaFunctionArn        : "arn:aws:lambda:us-east-1:894850187425:function:data-pipeline4-data-processor"
  + sqsQueueUrl              : "https://sqs.us-east-1.amazonaws.com/894850187425/data-pipeline4-data-processing"

Resources:
    + 1 to create
    ~ 3 to update
    4 changes. 20 unchanged

Updating (dev)

View Live: https://app.pulumi.com/pulumi/pulumi-stack-1544771254/dev/updates/4

Loading policy packs...

@ Updating....

@ Updating........
 +  pulumi:providers:aws aws creating (0s)
@ Updating....
 +  pulumi:providers:aws aws created (0.57s)
@ Updating.....
 ~  aws:s3:BucketLifecycleConfiguration this updating (0s) [diff: ~rules]
@ Updating....
 ~  aws:lambda:Function data_processor updating (0s) [diff: ~lastModified,sourceCodeHash]
@ Updating.......
 ~  aws:iam:RolePolicy lambda_s3_access updating (0s) [diff: ~policy]
@ Updating......
 ~  aws:iam:RolePolicy lambda_s3_access updated (2s) [diff: ~policy]
@ Updating........
 ~  aws:lambda:Function data_processor updated (11s) [diff: ~lastModified,sourceCodeHash]
@ Updating...................................................
 ~  aws:s3:BucketLifecycleConfiguration this updated (60s) [diff: ~rules]
@ Updating......
    pulumi:pulumi:Stack pulumi-stack-1544771254-dev
Policies:
    ⚠️ pulumi-internal-policies@v0.0.6
        - [advisory]  s3-bucket-replication-enabled  (aws:s3/bucket:Bucket: lambda_artifacts)
          Encourages use of cross-region replication for S3 buckets.
          S3 buckets should have cross-region replication.
        - [advisory]  s3-bucket-replication-enabled  (aws:s3/bucket:Bucket: this)
          Encourages use of cross-region replication for S3 buckets.
          S3 buckets should have cross-region replication.

Outputs:
  + dataLakeBucketArn        : "arn:aws:s3:::data-pipeline4-data-lake-894850187425"
  + dataLakeBucketName       : "data-pipeline4-data-lake-894850187425"
  + dynamodbTableName        : "data-pipeline4-file-metadata"
  + lambdaArtifactsBucketName: "data-pipeline4-lambda-artifacts-894850187425"
  + lambdaFunctionArn        : "arn:aws:lambda:us-east-1:894850187425:function:data-pipeline4-data-processor"
  + sqsQueueUrl              : "https://sqs.us-east-1.amazonaws.com/894850187425/data-pipeline4-data-processing"

Resources:
    + 1 created
    ~ 3 updated
    4 changes. 20 unchanged

Duration: 1m13s

`
