`Previewing update (dev)

View Live: https://app.pulumi.com/pulumi/pulumi-stack-3310972622/dev/previews/0151afb6-1422-4443-a46c-7da245e2eaee

  pulumi:pulumi:Stack: (same)
    [urn=urn:pulumi:dev::pulumi-stack-3310972622::pulumi:pulumi:Stack::pulumi-stack-3310972622-dev]
    +-random:index/randomString:RandomString: (replace)
        [id=b@4XcXqxXOM3QtGw]
        [urn=urn:pulumi:dev::pulumi-stack-3310972622::random:index/randomString:RandomString::random]
        [provider=urn:pulumi:dev::pulumi-stack-3310972622::pulumi:providers:random::default_4_18_1::a339fe8e-e15d-4203-8719-c0ca5d3f414e]
      ~ id             : "b@4XcXqxXOM3QtGw" => [unknown]
      ~ length         : 16 => 17
        lower          : true
        minLower       : 0
        minNumeric     : 0
        minSpecial     : 0
        minUpper       : 0
        number         : true
        numeric        : true
        overrideSpecial: "/@£$"
      ~ result         : "b@4XcXqxXOM3QtGw" => [unknown]
        special        : true
        upper          : true
Resources:
    +-1 to replace
    1 unchanged

Policy Packs run:
    Name                      Version
    pulumi-internal-policies  0.0.6
`
