`Previewing update (dev)

View Live: https://app.pulumi.com/pulumi/pulumi-stack-1544771254/dev/previews/e5ea674b-f64c-400c-9c2a-f9a1753ee414

  pulumi:pulumi:Stack: (same)
    [urn=urn:pulumi:dev::pulumi-stack-1544771254::pulumi:pulumi:Stack::pulumi-stack-1544771254-dev]
    + pulumi:providers:aws: (create)
        [urn=urn:pulumi:dev::pulumi-stack-1544771254::pulumi:providers:aws::aws]
        defaultTags              : (json) {
            tags: {
                Environment: "dev"
                ManagedBy  : "Terraform"
                Project    : "data-pipeline4"
            }
        }

        region                   : "us-east-1"
        skipCredentialsValidation: "false"
        skipRegionValidation     : "true"
        version                  : "7.13.0"
    pulumi-internal-policies@v0.0.6 [advisory]  s3-bucket-replication-enabled  (aws:s3/bucket:Bucket: this)Encourages use of cross-region replication for S3 buckets.
S3 buckets should have cross-region replication.
    pulumi-internal-policies@v0.0.6 [advisory]  s3-bucket-replication-enabled  (aws:s3/bucket:Bucket: lambda_artifacts)Encourages use of cross-region replication for S3 buckets.
S3 buckets should have cross-region replication.
    ~ aws:iam/rolePolicy:RolePolicy: (update)
        [id=data-pipeline4-lambda-role:data-pipeline4-lambda-s3-access]
        [urn=urn:pulumi:dev::pulumi-stack-1544771254::aws:iam/rolePolicy:RolePolicy::lambda_s3_access]
        [provider: urn:pulumi:dev::pulumi-stack-1544771254::pulumi:providers:aws::default_7_12_0::a339fe8e-e15d-4203-8719-c0ca5d3f414e => urn:pulumi:dev::pulumi-stack-1544771254::pulumi:providers:aws::aws::[unknown]]
      ~ policy: (json) {
          ~ Statement: [
                [0]: {
                        Action  : [
                            [0]: "s3:GetObject"
                            [1]: "s3:PutObject"
                            [2]: "s3:DeleteObject"
                            [3]: "s3:ListBucket"
                        ]
                        Effect  : "Allow"
                        Resource: [
                            [0]: "arn:aws:s3:::data-pipeline4-data-lake-894850187425"
                            [1]: "arn:aws:s3:::data-pipeline4-data-lake-894850187425/*"
                        ]
                    }
                [1]: {
                        Action  : [
                            [0]: "sqs:ReceiveMessage"
                            [1]: "sqs:DeleteMessage"
                            [2]: "sqs:GetQueueAttributes"
                        ]
                        Effect  : "Allow"
                        Resource: "arn:aws:sqs:us-east-1:894850187425:data-pipeline4-data-processing"
                    }
              ~ [2]: {
                        Action  : [
                            [0]: "logs:CreateLogGroup"
                            [1]: "logs:CreateLogStream"
                            [2]: "logs:PutLogEvents"
                        ]
                        Effect  : "Allow"
                      ~ Resource: "arn:aws:logs:us-east-1:894850187425:*" => "arn:aws:logs:us-west-2:894850187425:*"
                    }
            ]
            Version  : "2012-10-17"
        }
    ~ aws:lambda/function:Function: (update)
        [id=data-pipeline4-data-processor]
        [urn=urn:pulumi:dev::pulumi-stack-1544771254::aws:lambda/function:Function::data_processor]
        [provider: urn:pulumi:dev::pulumi-stack-1544771254::pulumi:providers:aws::default_7_12_0::a339fe8e-e15d-4203-8719-c0ca5d3f414e => urn:pulumi:dev::pulumi-stack-1544771254::pulumi:providers:aws::aws::[unknown]]
      - lastModified  : "2025-12-11T16:44:47.914+0000"
      ~ sourceCodeHash: "Uk59ixjEaDAJDlKLgE/2RRsCDSterPmhbfoI1psRc90=" => "WOXk56IZHSfv437p4+37MXDkh1D/pNyZ+Gf4dUyGsVo="
    ~ aws:s3/bucketLifecycleConfiguration:BucketLifecycleConfiguration: (update)
        [id=data-pipeline4-data-lake-894850187425]
        [urn=urn:pulumi:dev::pulumi-stack-1544771254::aws:s3/bucketLifecycleConfiguration:BucketLifecycleConfiguration::this]
        [provider: urn:pulumi:dev::pulumi-stack-1544771254::pulumi:providers:aws::default_7_12_0::a339fe8e-e15d-4203-8719-c0ca5d3f414e => urn:pulumi:dev::pulumi-stack-1544771254::pulumi:providers:aws::aws::[unknown]]
        region: "us-east-1"
        rules : [
            [0]: {
                id                         : "transition-to-ia"
                noncurrentVersionExpiration: {
                    noncurrentDays: 365
                }
                status                     : "Enabled"
                transitions                : [
                    [0]: {
                        days        : 30
                        storageClass: "STANDARD_IA"
                    }
                    [1]: {
                        days        : 90
                        storageClass: "GLACIER"
                    }
                ]
            }
        ]
    --outputs:--
  + dataLakeBucketArn        : "arn:aws:s3:::data-pipeline4-data-lake-894850187425"
  + dataLakeBucketName       : "data-pipeline4-data-lake-894850187425"
  + dynamodbTableName        : "data-pipeline4-file-metadata"
  + lambdaArtifactsBucketName: "data-pipeline4-lambda-artifacts-894850187425"
  + lambdaFunctionArn        : "arn:aws:lambda:us-east-1:894850187425:function:data-pipeline4-data-processor"
  + sqsQueueUrl              : "https://sqs.us-east-1.amazonaws.com/894850187425/data-pipeline4-data-processing"
Resources:
    + 1 to create
    ~ 3 to update
    4 changes. 20 unchanged

Policy Packs run:
    Name                      Version
    pulumi-internal-policies  0.0.6
`
