`Updating (pulumi-stack-3138983974):

 ++ random:index:RandomString random creating replacement (0s) [diff: ~length]
 ++ random:index:RandomString random created replacement (0.00s) [diff: ~length]
 +- random:index:RandomString random replacing (0s) [diff: ~length]
 +- random:index:RandomString random replaced (0.00s) [diff: ~length]
 -- random:index:RandomString random deleting original (0s) [diff: ~length]
 -- random:index:RandomString random deleted original (0.00s) [diff: ~length]
    pulumi:pulumi:Stack pulumi-stack-3138983974-pulumi-stack-3138983974
Resources:
    +-1 replaced
    1 unchanged

Duration: 1s

`
