`Previewing update (pulumi-stack-1243819650):
  pulumi:pulumi:Stack: (same)
    [urn=urn:pulumi:pulumi-stack-1243819650::pulumi-stack-1243819650::pulumi:pulumi:Stack::pulumi-stack-1243819650-pulumi-stack-1243819650]
    + pulumi:providers:aws: (create)
        [urn=urn:pulumi:pulumi-stack-1243819650::pulumi-stack-1243819650::pulumi:providers:aws::aws]
        defaultTags              : (json) {
            tags: {
                Environment: "dev"
                ManagedBy  : "Terraform"
                Project    : "data-pipeline4"
            }
        }

        region                   : "us-east-1"
        skipCredentialsValidation: "false"
        skipRegionValidation     : "true"
        version                  : "7.14.0"
    ~ aws:s3/bucketLifecycleConfiguration:BucketLifecycleConfiguration: (update)
        [id=data-pipeline4-data-lake-616138583583]
        [urn=urn:pulumi:pulumi-stack-1243819650::pulumi-stack-1243819650::aws:s3/bucketLifecycleConfiguration:BucketLifecycleConfiguration::this]
        [provider: urn:pulumi:pulumi-stack-1243819650::pulumi-stack-1243819650::pulumi:providers:aws::default_7_12_0::5c4746a8-1899-46d4-a07c-f9602f618ec6 => urn:pulumi:pulumi-stack-1243819650::pulumi-stack-1243819650::pulumi:providers:aws::aws::[unknown]]
        region: "us-east-1"
        rules : [
            [0]: {
                id                         : "transition-to-ia"
                noncurrentVersionExpiration: {
                    noncurrentDays: 365
                }
                status                     : "Enabled"
                transitions                : [
                    [0]: {
                        days        : 30
                        storageClass: "STANDARD_IA"
                    }
                    [1]: {
                        days        : 90
                        storageClass: "GLACIER"
                    }
                ]
            }
        ]
    ~ aws:lambda/function:Function: (update)
        [id=data-pipeline4-data-processor]
        [urn=urn:pulumi:pulumi-stack-1243819650::pulumi-stack-1243819650::aws:lambda/function:Function::data_processor]
        [provider: urn:pulumi:pulumi-stack-1243819650::pulumi-stack-1243819650::pulumi:providers:aws::default_7_12_0::5c4746a8-1899-46d4-a07c-f9602f618ec6 => urn:pulumi:pulumi-stack-1243819650::pulumi-stack-1243819650::pulumi:providers:aws::aws::[unknown]]
      - lastModified  : "2025-12-16T21:12:52.000+0000"
      ~ sourceCodeHash: "Uk59ixjEaDAJDlKLgE/2RRsCDSterPmhbfoI1psRc90=" => "WOXk56IZHSfv437p4+37MXDkh1D/pNyZ+Gf4dUyGsVo="
    --outputs:--
  + dataLakeBucketArn        : "arn:aws:s3:::data-pipeline4-data-lake-616138583583"
  + dataLakeBucketName       : "data-pipeline4-data-lake-616138583583"
  + dynamodbTableName        : "data-pipeline4-file-metadata"
  + lambdaArtifactsBucketName: "data-pipeline4-lambda-artifacts-616138583583"
  + lambdaFunctionArn        : "arn:aws:lambda:us-east-1:616138583583:function:data-pipeline4-data-processor"
  + sqsQueueUrl              : "https://sqs.us-east-1.amazonaws.com/616138583583/data-pipeline4-data-processing"
Resources:
    + 1 to create
    ~ 2 to update
    3 changes. 21 unchanged
`
