`Previewing update (pulumi-stack-3138983974):
  pulumi:pulumi:Stack: (same)
    [urn=urn:pulumi:pulumi-stack-3138983974::pulumi-stack-3138983974::pulumi:pulumi:Stack::pulumi-stack-3138983974-pulumi-stack-3138983974]
    +-random:index/randomString:RandomString: (replace)
        [id=SKa7uTSy@QO1ZZlZ]
        [urn=urn:pulumi:pulumi-stack-3138983974::pulumi-stack-3138983974::random:index/randomString:RandomString::random]
        [provider=urn:pulumi:pulumi-stack-3138983974::pulumi-stack-3138983974::pulumi:providers:random::default_4_18_1::7773cb7a-8457-4d45-8765-9a11a581532a]
      ~ id             : "SKa7uTSy@QO1ZZlZ" => [unknown]
      ~ length         : 16 => 17
        lower          : true
        minLower       : 0
        minNumeric     : 0
        minSpecial     : 0
        minUpper       : 0
        number         : true
        numeric        : true
        overrideSpecial: "/@£$"
      ~ result         : "SKa7uTSy@QO1ZZlZ" => [unknown]
        special        : true
        upper          : true
Resources:
    +-1 to replace
    1 unchanged
`
