resource.PropertyMap{
	resource.PropertyKey("__pulumi_raw_state_delta"): resource.PropertyValue{
		V: resource.PropertyMap{resource.PropertyKey("obj"): resource.PropertyValue{
			V: resource.PropertyMap{
				resource.PropertyKey("ps"): resource.PropertyValue{
					V: resource.PropertyMap{resource.PropertyKey("props"): resource.PropertyValue{
						V: &resource.Secret{Element: resource.PropertyValue{
							V: resource.PropertyMap{resource.PropertyKey("replace"): resource.PropertyValue{
								V: resource.PropertyMap{resource.PropertyKey("raw"): resource.PropertyValue{
									V: resource.PropertyMap{
										resource.PropertyKey("type"): resource.PropertyValue{
											V: []resource.PropertyValue{
												{
													V: "list",
												},
												{V: "string"},
											},
										},
										resource.PropertyKey("value"): resource.PropertyValue{V: []resource.PropertyValue{{V: "y"}}},
									},
								}},
							}},
						}},
					}},
				},
				resource.PropertyKey("renamed"): resource.PropertyValue{V: resource.PropertyMap{resource.PropertyKey("props"): resource.PropertyValue{V: "prop"}}},
			},
		}},
	},
	resource.PropertyKey("id"):    resource.PropertyValue{V: "id"},
	resource.PropertyKey("props"): resource.PropertyValue{V: []resource.PropertyValue{{V: "y"}}},
}
