resource.PropertyMap{
	resource.PropertyKey("__pulumi_raw_state_delta"): resource.PropertyValue{
		V: resource.PropertyMap{resource.PropertyKey("obj"): resource.PropertyValue{
			V: resource.PropertyMap{resource.PropertyKey("ps"): resource.PropertyValue{
				V: resource.PropertyMap{resource.PropertyKey("prop"): resource.PropertyValue{
					V: &resource.Secret{Element: resource.PropertyValue{
						V: resource.PropertyMap{resource.PropertyKey("replace"): resource.PropertyValue{
							V: resource.PropertyMap{resource.PropertyKey("raw"): resource.PropertyValue{
								V: resource.PropertyMap{
									resource.PropertyKey("type"): resource.PropertyValue{
										V: []resource.PropertyValue{
											{
												V: "map",
											},
											{V: "string"},
										},
									},
									resource.PropertyKey("value"): resource.PropertyValue{V: resource.PropertyMap{resource.PropertyKey("y"): resource.PropertyValue{V: "z"}}},
								},
							}},
						}},
					}},
				}},
			}},
		}},
	},
	resource.PropertyKey("id"):   resource.PropertyValue{V: "id"},
	resource.PropertyKey("prop"): resource.PropertyValue{V: resource.PropertyMap{resource.PropertyKey("y"): resource.PropertyValue{V: "z"}}},
}
