resource.PropertyMap{
	resource.PropertyKey("__pulumi_raw_state_delta"): resource.PropertyValue{
		V: resource.PropertyMap{resource.PropertyKey("obj"): resource.PropertyValue{
			V: resource.PropertyMap{},
		}},
	},
	resource.PropertyKey("count"):   resource.PropertyValue{V: 5},
	resource.PropertyKey("enabled"): resource.PropertyValue{V: true},
	resource.PropertyKey("id"):      resource.PropertyValue{V: "id"},
	resource.PropertyKey("name"):    resource.PropertyValue{V: "test"},
}
