resource.PropertyMap{
	resource.PropertyKey("__pulumi_raw_state_delta"): resource.PropertyValue{
		V: resource.PropertyMap{resource.PropertyKey("obj"): resource.PropertyValue{
			V: resource.PropertyMap{resource.PropertyKey("ps"): resource.PropertyValue{
				V: resource.PropertyMap{resource.PropertyKey("secrets"): resource.PropertyValue{
					V: resource.PropertyMap{resource.PropertyKey("map"): resource.PropertyValue{
						V: resource.PropertyMap{},
					}},
				}},
			}},
		}},
	},
	resource.PropertyKey("id"): resource.PropertyValue{V: "id"},
	resource.PropertyKey("secrets"): resource.PropertyValue{V: resource.PropertyMap{
		resource.PropertyKey("api_key"): resource.PropertyValue{V: &resource.Secret{Element: resource.PropertyValue{V: "key123"}}},
		resource.PropertyKey("token"):   resource.PropertyValue{V: "tok456"},
	}},
}
