resource.PropertyMap{
	resource.PropertyKey("__pulumi_raw_state_delta"): resource.PropertyValue{
		V: resource.PropertyMap{resource.PropertyKey("obj"): resource.PropertyValue{
			V: resource.PropertyMap{
				resource.PropertyKey("ps"): resource.PropertyValue{
					V: resource.PropertyMap{resource.PropertyKey("ingresses"): resource.PropertyValue{
						V: resource.PropertyMap{resource.PropertyKey("arr"): resource.PropertyValue{
							V: resource.PropertyMap{resource.PropertyKey("el"): resource.PropertyValue{
								V: resource.PropertyMap{resource.PropertyKey("0"): resource.PropertyValue{
									V: resource.PropertyMap{resource.PropertyKey("obj"): resource.PropertyValue{
										V: resource.PropertyMap{},
									}},
								}},
							}},
						}},
					}},
				},
				resource.PropertyKey("renamed"): resource.PropertyValue{V: resource.PropertyMap{resource.PropertyKey("ingresses"): resource.PropertyValue{V: "ingress"}}},
			},
		}},
	},
	resource.PropertyKey("id"): resource.PropertyValue{V: "id"},
	resource.PropertyKey("ingresses"): resource.PropertyValue{V: []resource.PropertyValue{{V: resource.PropertyMap{
		resource.PropertyKey("port"):     resource.PropertyValue{V: 443},
		resource.PropertyKey("protocol"): resource.PropertyValue{V: "tcp"},
	}}}},
}
