struct {
	Input  cty.Value
	Result resource.PropertyMap
}{
	Input: cty.Value{
		ty: cty.Type{
			typeImpl: cty.typeObject{AttrTypes: map[string]cty.Type{
				"id": {typeImpl: cty.primitiveType{
					Kind: cty.primitiveTypeKind(83),
				}},
				"prop": {typeImpl: cty.primitiveType{Kind: cty.primitiveTypeKind(83)}},
			}},
		},
		v: map[string]interface{}{
			"id":   "id",
			"prop": "y",
		},
	},
	Result: resource.PropertyMap{
		resource.PropertyKey("__pulumi_raw_state_delta"): resource.PropertyValue{V: resource.PropertyMap{resource.PropertyKey("obj"): resource.PropertyValue{
			V: resource.PropertyMap{},
		}}},
		resource.PropertyKey("id"):   resource.PropertyValue{V: "id"},
		resource.PropertyKey("prop"): resource.PropertyValue{V: "y"},
	},
}
